[2026-06-16 08:59:46 : INFO] - Failed to convert to WebP: Converter: vips, plugins/wp-optimize/images/logo/wpo_logo_small.png => uploads/wpo/images/wpo_logo_small.png.webp 
[2026-06-16 08:59:46 : INFO] - Failed to convert to WebP: Converter: wpc, plugins/wp-optimize/images/logo/wpo_logo_small.png => uploads/wpo/images/wpo_logo_small.png.webp 
[2026-06-16 08:59:46 : INFO] - Failed to convert to WebP: Converter: ewww, plugins/wp-optimize/images/logo/wpo_logo_small.png => uploads/wpo/images/wpo_logo_small.png.webp 
[2026-06-16 08:59:46 : INFO] - Failed to convert to WebP: Converter: imagick, plugins/wp-optimize/images/logo/wpo_logo_small.png => uploads/wpo/images/wpo_logo_small.png.webp 
[2026-06-16 08:59:46 : INFO] - Failed to convert to WebP: Converter: gmagick, plugins/wp-optimize/images/logo/wpo_logo_small.png => uploads/wpo/images/wpo_logo_small.png.webp 
[2026-06-16 08:59:46 : INFO] - Failed to convert to WebP: Converter: vips, plugins/wp-optimize/images/logo/wpo_logo_small.png => uploads/wpo/images/wpo_logo_small.png.webp 
[2026-06-16 08:59:46 : INFO] - Failed to convert to WebP: Converter: wpc, plugins/wp-optimize/images/logo/wpo_logo_small.png => uploads/wpo/images/wpo_logo_small.png.webp 
[2026-06-16 08:59:46 : INFO] - Failed to convert to WebP: Converter: ewww, plugins/wp-optimize/images/logo/wpo_logo_small.png => uploads/wpo/images/wpo_logo_small.png.webp 
[2026-06-16 08:59:46 : INFO] - Failed to convert to WebP: Converter: imagick, plugins/wp-optimize/images/logo/wpo_logo_small.png => uploads/wpo/images/wpo_logo_small.png.webp 
[2026-06-16 08:59:46 : INFO] - Failed to convert to WebP: Converter: gmagick, plugins/wp-optimize/images/logo/wpo_logo_small.png => uploads/wpo/images/wpo_logo_small.png.webp 
[2026-06-16 09:00:45 : INFO] - Failed to convert to WebP: Converter: vips, plugins/wp-optimize/images/logo/wpo_logo_small.png => uploads/wpo/images/wpo_logo_small.png.webp 
[2026-06-16 09:00:45 : INFO] - Failed to convert to WebP: Converter: wpc, plugins/wp-optimize/images/logo/wpo_logo_small.png => uploads/wpo/images/wpo_logo_small.png.webp 
[2026-06-16 09:00:45 : INFO] - Failed to convert to WebP: Converter: ewww, plugins/wp-optimize/images/logo/wpo_logo_small.png => uploads/wpo/images/wpo_logo_small.png.webp 
[2026-06-16 09:00:45 : INFO] - Failed to convert to WebP: Converter: imagick, plugins/wp-optimize/images/logo/wpo_logo_small.png => uploads/wpo/images/wpo_logo_small.png.webp 
[2026-06-16 09:00:45 : INFO] - Failed to convert to WebP: Converter: gmagick, plugins/wp-optimize/images/logo/wpo_logo_small.png => uploads/wpo/images/wpo_logo_small.png.webp 
[2026-06-16 09:00:45 : INFO] - Failed to convert to WebP: Converter: vips, plugins/wp-optimize/images/logo/wpo_logo_small.png => uploads/wpo/images/wpo_logo_small.png.webp 
[2026-06-16 09:00:45 : INFO] - Failed to convert to WebP: Converter: wpc, plugins/wp-optimize/images/logo/wpo_logo_small.png => uploads/wpo/images/wpo_logo_small.png.webp 
[2026-06-16 09:00:45 : INFO] - Failed to convert to WebP: Converter: ewww, plugins/wp-optimize/images/logo/wpo_logo_small.png => uploads/wpo/images/wpo_logo_small.png.webp 
[2026-06-16 09:00:45 : INFO] - Failed to convert to WebP: Converter: imagick, plugins/wp-optimize/images/logo/wpo_logo_small.png => uploads/wpo/images/wpo_logo_small.png.webp 
[2026-06-16 09:00:45 : INFO] - Failed to convert to WebP: Converter: gmagick, plugins/wp-optimize/images/logo/wpo_logo_small.png => uploads/wpo/images/wpo_logo_small.png.webp 
[2026-06-16 09:00:45 : INFO] - Failed to convert to WebP: Converter: vips, plugins/wp-optimize/images/logo/wpo_logo_small.png => uploads/wpo/images/wpo_logo_small.png.webp 
[2026-06-16 09:00:45 : INFO] - Failed to convert to WebP: Converter: wpc, plugins/wp-optimize/images/logo/wpo_logo_small.png => uploads/wpo/images/wpo_logo_small.png.webp 
[2026-06-16 09:00:45 : INFO] - Failed to convert to WebP: Converter: ewww, plugins/wp-optimize/images/logo/wpo_logo_small.png => uploads/wpo/images/wpo_logo_small.png.webp 
[2026-06-16 09:00:45 : INFO] - Failed to convert to WebP: Converter: imagick, plugins/wp-optimize/images/logo/wpo_logo_small.png => uploads/wpo/images/wpo_logo_small.png.webp 
[2026-06-16 09:00:45 : INFO] - Failed to convert to WebP: Converter: gmagick, plugins/wp-optimize/images/logo/wpo_logo_small.png => uploads/wpo/images/wpo_logo_small.png.webp 
[2026-06-16 09:00:47 : INFO] - The queue for tasks of type "webp-convert-compressed-images-task" is empty. Aborting! 
[2026-06-16 09:00:47 : INFO] - Failed to convert to WebP: Converter: vips, plugins/wp-optimize/images/logo/wpo_logo_small.png => uploads/wpo/images/wpo_logo_small.png.webp 
[2026-06-16 09:00:47 : INFO] - Failed to convert to WebP: Converter: wpc, plugins/wp-optimize/images/logo/wpo_logo_small.png => uploads/wpo/images/wpo_logo_small.png.webp 
[2026-06-16 09:00:47 : INFO] - Failed to convert to WebP: Converter: ewww, plugins/wp-optimize/images/logo/wpo_logo_small.png => uploads/wpo/images/wpo_logo_small.png.webp 
[2026-06-16 09:00:47 : INFO] - Failed to convert to WebP: Converter: imagick, plugins/wp-optimize/images/logo/wpo_logo_small.png => uploads/wpo/images/wpo_logo_small.png.webp 
[2026-06-16 09:00:47 : INFO] - Failed to convert to WebP: Converter: gmagick, plugins/wp-optimize/images/logo/wpo_logo_small.png => uploads/wpo/images/wpo_logo_small.png.webp 
[2026-06-16 09:00:47 : INFO] - Pruning the WebP log file 
